// Jest Snapshot v1, https://goo.gl/fbAQLP

exports[`testing en <CSearchBar /> debe hacer match con el snapshot 1`] = `
<View>
  <View
    style={
      Object {
        "backgroundColor": "#fff",
        "borderBottomColor": "#FFF",
        "borderRadius": 10,
        "borderTopColor": "#FFF",
        "marginRight": 20,
        "paddingBottom": 8,
        "paddingHorizontal": 0,
        "paddingTop": 8,
        "paddingVertical": 0,
      }
    }
  >
    <View
      style={
        Object {
          "paddingHorizontal": 0,
          "width": "100%",
        }
      }
    >
      <View
        collapsable={false}
        style={
          Object {
            "alignItems": "center",
            "backgroundColor": "white",
            "borderBottomWidth": 0,
            "borderColor": "#86939e",
            "borderRadius": 10,
            "flexDirection": "row",
            "marginVertical": 0,
            "transform": Array [
              Object {
                "translateX": 0,
              },
            ],
            "width": "100%",
          }
        }
      >
        <View
          style={
            Object {
              "alignItems": "center",
              "height": 40,
              "justifyContent": "center",
              "marginLeft": 8,
              "marginVertical": 4,
              "paddingRight": 4,
            }
          }
        >
          <View
            style={
              Object {
                "overflow": "hidden",
              }
            }
          >
            <View>
              <View
                style={
                  Object {
                    "alignItems": "center",
                    "backgroundColor": "transparent",
                    "justifyContent": "center",
                  }
                }
              >
                <Text
                  allowFontScaling={false}
                  selectable={false}
                  style={
                    Array [
                      Object {
                        "color": "rgba(0, 0, 0, 0.54)",
                        "fontSize": 25,
                      },
                      Object {
                        "backgroundColor": "transparent",
                      },
                      Object {
                        "fontFamily": "Material Icons",
                        "fontStyle": "normal",
                        "fontWeight": "normal",
                      },
                      Object {},
                    ]
                  }
                  testID="iconIcon"
                >
                  
                </Text>
              </View>
            </View>
          </View>
        </View>
        <TextInput
          editable={true}
          onBlur={[Function]}
          onCancel={[Function]}
          onChangeText={[Function]}
          onFocus={[Function]}
          placeholder="Buscar por título..."
          placeholderTextColor="#86939e"
          platform="android"
          style={
            Object {
              "alignSelf": "center",
              "color": "#242424",
              "flex": 1,
              "fontSize": 18,
              "marginLeft": 24,
              "marginRight": 8,
              "minHeight": 40,
            }
          }
          testID="search"
          underlineColorAndroid="transparent"
          value=""
        />
        <View
          style={
            Object {
              "alignItems": "center",
              "height": 40,
              "justifyContent": "center",
              "marginRight": 8,
              "marginVertical": 4,
              "paddingRight": 4,
            }
          }
        >
          <View
            style={
              Object {
                "flexDirection": "row",
              }
            }
          />
        </View>
      </View>
      <Text
        style={
          Object {
            "color": "#ff190c",
            "fontSize": 12,
            "height": 0,
            "margin": 0,
            "padding": 0,
          }
        }
      />
    </View>
  </View>
</View>
`;
