// Jest Snapshot v1, https://goo.gl/fbAQLP

exports[`testing en <CTextCenter /> debe hacer match con el snapshot 1`] = `
<View
  style={
    Object {
      "alignItems": "center",
      "flex": 1,
      "justifyContent": "center",
    }
  }
>
  <View>
    <Text>
      title
    </Text>
  </View>
</View>
`;
